LAB fm-lab-stale-slot-missi-38247-29705
SCENARIO unknown endpoint liveness refuses without mutation
🌳 Setting up worktree...
🌳 Leased worktree at /var/folders/1d/x0xnwzls1ll7fn7pp48vq52w0000gn/T/fm-live-stale-slot-missing.Ij3def/unknown/treehouse-root/.treehouse/project-302bfc/1/project. Run 'treehouse return /var/folders/1d/x0xnwzls1ll7fn7pp48vq52w0000gn/T/fm-live-stale-slot-missing.Ij3def/unknown/treehouse-root/.treehouse/project-302bfc/1/project' to release it.
precondition: exact real endpoint normal-liveness=alive unreadable-process-info-liveness=unknown
command: FM_TEST_HERDR_PROCESS_INFO_UNREADABLE=1 fm-teardown.sh stale-unknown --force
exit: 1
●━━━━━━━━━━━━━━━━━━━━━━━━━━━━━━━━━━━━━━━━━━━━━━━━━━━━━━━━━━━━━━━━━━━━━━━
●  WATCHER DOWN - SUPERVISION IS OFF
●  2 task(s) in flight, but no watcher has a fresh beacon (last beat: never, grace 300s).
●  Trust the emitted supervision protocol for this harness; do not use shell & for watcher repair.
●  This is a supervision warning only; the guarded operation WILL still run.
●  repair a missing or failed watcher cycle with the Pi tool fm_watch_arm_pi, or restart Pi with -e /Users/dajijix/.no-mistakes/worktrees/1d0ac733deef/01M3AA72HRK6AC7HY8QAE4S3SQ/.pi/extensions/fm-primary-turnend-guard.ts -e /Users/dajijix/.no-mistakes/worktrees/1d0ac733deef/01M3AA72HRK6AC7HY8QAE4S3SQ/.pi/extensions/fm-primary-pi-watch.ts if the extensions are not loaded.
●━━━━━━━━━━━━━━━━━━━━━━━━━━━━━━━━━━━━━━━━━━━━━━━━━━━━━━━━━━━━━━━━━━━━━━━
REFUSED: task stale-unknown's recorded worktree /private/var/folders/1d/x0xnwzls1ll7fn7pp48vq52w0000gn/T/fm-live-stale-slot-missing.Ij3def/unknown/treehouse-root/.treehouse/project-302bfc/1/project is also task current-owner's recorded worktree, and task stale-unknown's recorded endpoint is active or its liveness is unknown; only a confirmed-dead worker can be retired as a stale record. Nothing was changed - not even with --force.
Stop or reconcile task stale-unknown's worker first, then re-run teardown.
observable: refusal preserved both records, owner claim, dirty file, owner pane, and exact live stale endpoint
SCENARIO current owner blocks until stale duplicate is reconciled
🌳 Setting up worktree...
🌳 Leased worktree at /var/folders/1d/x0xnwzls1ll7fn7pp48vq52w0000gn/T/fm-live-stale-slot-missing.Ij3def/reconcile/treehouse-root/.treehouse/project-508b87/1/project. Run 'treehouse return /var/folders/1d/x0xnwzls1ll7fn7pp48vq52w0000gn/T/fm-live-stale-slot-missing.Ij3def/reconcile/treehouse-root/.treehouse/project-508b87/1/project' to release it.
command: fm-teardown.sh pi-fast-owner --force (before reconciliation)
exit: 1
●━━━━━━━━━━━━━━━━━━━━━━━━━━━━━━━━━━━━━━━━━━━━━━━━━━━━━━━━━━━━━━━━━━━━━━━
●  WATCHER DOWN - SUPERVISION IS OFF
●  2 task(s) in flight, but no watcher has a fresh beacon (last beat: never, grace 300s).
●  Trust the emitted supervision protocol for this harness; do not use shell & for watcher repair.
●  This is a supervision warning only; the guarded operation WILL still run.
●  repair a missing or failed watcher cycle with the Pi tool fm_watch_arm_pi, or restart Pi with -e /Users/dajijix/.no-mistakes/worktrees/1d0ac733deef/01M3AA72HRK6AC7HY8QAE4S3SQ/.pi/extensions/fm-primary-turnend-guard.ts -e /Users/dajijix/.no-mistakes/worktrees/1d0ac733deef/01M3AA72HRK6AC7HY8QAE4S3SQ/.pi/extensions/fm-primary-pi-watch.ts if the extensions are not loaded.
●━━━━━━━━━━━━━━━━━━━━━━━━━━━━━━━━━━━━━━━━━━━━━━━━━━━━━━━━━━━━━━━━━━━━━━━
REFUSED: task pi-fast-owner's recorded worktree /private/var/folders/1d/x0xnwzls1ll7fn7pp48vq52w0000gn/T/fm-live-stale-slot-missing.Ij3def/reconcile/treehouse-root/.treehouse/project-508b87/1/project is also task stale-mirasim's recorded worktree.
Returning that pool slot would kill stale-mirasim's processes and reset its copy, so nothing was changed - not even with --force.
Reconcile whichever record is wrong (bin/fm-crew-state.sh pi-fast-owner; bin/fm-crew-state.sh stale-mirasim), then re-run teardown.
observable: blocked owner retained both records, claim, dirty file, and exact live owner endpoint
command: fm-teardown.sh stale-mirasim --force (reconcile stale record)
exit: 0
WARNING: watcher still down (same stale episode; last beat: never, grace 300s) - full banner already printed this episode.
warning: task stale-mirasim's recorded worktree /private/var/folders/1d/x0xnwzls1ll7fn7pp48vq52w0000gn/T/fm-live-stale-slot-missing.Ij3def/reconcile/treehouse-root/.treehouse/project-508b87/1/project was reassigned to task pi-fast-owner (home /var/folders/1d/x0xnwzls1ll7fn7pp48vq52w0000gn/T//fm-live-stale-slot-missing.Ij3def/reconcile/home), which claimed that pool slot after this record was written; that slot is no longer stale-mirasim's, so its processes, copy, and claim are left untouched and only stale-mirasim's own cleanup runs.
teardown stale-mirasim complete (window fm-lab-stale-slot-missi-38247-29705:w2:p2; pool slot /var/folders/1d/x0xnwzls1ll7fn7pp48vq52w0000gn/T/fm-live-stale-slot-missing.Ij3def/reconcile/treehouse-root/.treehouse/project-508b87/1/project left to task pi-fast-owner (home /var/folders/1d/x0xnwzls1ll7fn7pp48vq52w0000gn/T//fm-live-stale-slot-missing.Ij3def/reconcile/home), which it was reassigned to)
Backlog: stale-mirasim just finished (this home keeps no markdown backlog at /private/var/folders/1d/x0xnwzls1ll7fn7pp48vq52w0000gn/T/fm-live-stale-slot-missing.Ij3def/reconcile/home/data/backlog.md). Update /private/var/folders/1d/x0xnwzls1ll7fn7pp48vq52w0000gn/T/fm-live-stale-slot-missing.Ij3def/reconcile/home/data/backlog.md - move stale-mirasim to Done, keep Done to the 10 most recent, then re-scan Queued and dispatch only work whose blockers are gone and date is due.
observable: stale retirement removed only stale metadata; owner record, claim, dirty file, and exact endpoint remain
command: fm-teardown.sh pi-fast-owner --force (after reconciliation)
exit: 0
WARNING: watcher still down (same stale episode; last beat: never, grace 300s) - full banner already printed this episode.
teardown: reaping leaked worktree process(es) for pi-fast-owner: 43614 43655
teardown: force-killing leaked worktree process(es) for pi-fast-owner: 43614
🌳 Worktree returned to pool.
teardown pi-fast-owner complete (window fm-lab-stale-slot-missi-38247-29705:w2:p1, worktree /var/folders/1d/x0xnwzls1ll7fn7pp48vq52w0000gn/T/fm-live-stale-slot-missing.Ij3def/reconcile/treehouse-root/.treehouse/project-508b87/1/project)
Backlog: pi-fast-owner just finished (this home keeps no markdown backlog at /private/var/folders/1d/x0xnwzls1ll7fn7pp48vq52w0000gn/T/fm-live-stale-slot-missing.Ij3def/reconcile/home/data/backlog.md). Update /private/var/folders/1d/x0xnwzls1ll7fn7pp48vq52w0000gn/T/fm-live-stale-slot-missing.Ij3def/reconcile/home/data/backlog.md - move pi-fast-owner to Done, keep Done to the 10 most recent, then re-scan Queued and dispatch only work whose blockers are gone and date is due.
observable: reconciled owner cleanup removed its metadata, exact endpoint, and spent slot claim
RESULT both previously missing live scenarios passed; lab teardown follows via trap
LAB teardown: PASS; fm-lab-stale-slot-missi-38247-29705 is absent and the default session remains running as default
